// Jest Snapshot v1, https://goo.gl/fbAQLP

exports[`Login Form Visual Regression renders the form with entered data correctly: login-form-with-data 1`] = `"<div class="login-form-container"><form class="login-form" data-testid="login-form"><h2>Log In</h2><div class="form-group"><label for="username">Username</label><input type="text" id="username" class="" aria-invalid="false" data-testid="username-input" value="testuser"></div><div class="form-group"><label for="password">Password</label><input type="password" id="password" class="" aria-invalid="false" data-testid="password-input" value="password123"></div><button type="submit" class="login-button" data-testid="login-button">Log In</button></form></div>"`;

exports[`Login Form Visual Regression renders the login form correctly: login-form-default 1`] = `"<div class="login-form-container"><form class="login-form" data-testid="login-form"><h2>Log In</h2><div class="form-group"><label for="username">Username</label><input type="text" id="username" class="" aria-invalid="false" data-testid="username-input" value=""></div><div class="form-group"><label for="password">Password</label><input type="password" id="password" class="" aria-invalid="false" data-testid="password-input" value=""></div><button type="submit" class="login-button" data-testid="login-button">Log In</button></form></div>"`;

exports[`Login Form Visual Regression renders validation errors correctly: login-form-with-validation-errors 1`] = `"<div class="login-form-container"><form class="login-form" data-testid="login-form"><h2>Log In</h2><div class="form-group"><label for="username">Username</label><input type="text" id="username" class="input-error" aria-invalid="true" data-testid="username-input" value="" aria-describedby="username-error"><div id="username-error" class="error-message" role="alert" data-testid="username-error">Username is required</div></div><div class="form-group"><label for="password">Password</label><input type="password" id="password" class="input-error" aria-invalid="true" data-testid="password-input" value="" aria-describedby="password-error"><div id="password-error" class="error-message" role="alert" data-testid="password-error">Password is required</div></div><button type="submit" class="login-button" data-testid="login-button">Log In</button></form></div>"`;
